// Jest Snapshot v1, https://goo.gl/fbAQLP

exports[`should render EditExpensePage 1`] = `
<div>
  <div
    className="page-header"
  >
    <div
      className="content-container"
    >
      <h1
        className="page-header__title"
      >
        Edit Expense
      </h1>
    </div>
  </div>
  <ExpenseForm
    expense={
      Object {
        "amount": 4500,
        "createdAt": 345600000,
        "description": "Credit Card",
        "id": "3",
        "note": "Too much credit",
      }
    }
    onSubmit={[Function]}
  />
  <div
    className="content-container"
  >
    <button
      className="removeExpenseBtn"
      onClick={[Function]}
    >
      Remove Expense
    </button>
  </div>
</div>
`;
