// Jest Snapshot v1, https://goo.gl/fbAQLP

exports[`should render ExpenseListItem component 1`] = `
<div>
  <Link
    replace={false}
    to="/edit/3"
  >
    <h3>
      Credit Card
    </h3>
  </Link>
  <p>
    Amount: 
    $45.00
  </p>
  <p>
    Created At: 
    January 4th, 1970
  </p>
</div>
`;
